<!DOCTYPE html>
<html>
  <head>
    <title>My Site</title>
  </head>
  <body>This is my site!
</body>
</html>