<h1>Subpage</h1>
<div class="buttons">
    <ul>
          <li>
        <button>Hello</button>
      </li>
          <li>
        <button>World</button>
      </li>
          <li>
        <button>How</button>
      </li>
          <li>
        <button>Are</button>
      </li>
          <li>
        <button>You</button>
      </li>
      </ul>
</div>
